

================================================================
== Vivado HLS Report for 'aes_decrypt'
================================================================
* Date:           Mon Dec  9 22:29:42 2024

* Version:        2019.2 (Build 2704478 on Wed Nov 06 22:10:23 MST 2019)
* Project:        decrypt.prj
* Solution:       solution1
* Product family: zynq
* Target device:  xc7z020-clg484-1


================================================================
== Performance Estimates
================================================================
+ Timing: 
    * Summary: 
    +--------+----------+----------+------------+
    |  Clock |  Target  | Estimated| Uncertainty|
    +--------+----------+----------+------------+
    |ap_clk  | 10.00 ns | 6.824 ns |   1.25 ns  |
    +--------+----------+----------+------------+

+ Latency: 
    * Summary: 
    +---------+---------+----------+----------+-----+-----+---------+
    |  Latency (cycles) |  Latency (absolute) |  Interval | Pipeline|
    |   min   |   max   |    min   |    max   | min | max |   Type  |
    +---------+---------+----------+----------+-----+-----+---------+
    |      318|      318| 3.180 us | 3.180 us |  318|  318|   none  |
    +---------+---------+----------+----------+-----+-----+---------+

    + Detail: 
        * Instance: 
        +------------------------+-------------+---------+---------+----------+----------+-----+-----+---------+
        |                        |             |  Latency (cycles) |  Latency (absolute) |  Interval | Pipeline|
        |        Instance        |    Module   |   min   |   max   |    min   |    max   | min | max |   Type  |
        +------------------------+-------------+---------+---------+----------+----------+-----+-----+---------+
        |grp_aes_invMain_fu_588  |aes_invMain  |      101|      101| 1.010 us | 1.010 us |  101|  101|   none  |
        |grp_expandKey_fu_614    |expandKey    |      164|      164| 1.640 us | 1.640 us |  164|  164|   none  |
        +------------------------+-------------+---------+---------+----------+----------+-----+-----+---------+

        * Loop: 
        +-------------+---------+---------+----------+-----------+-----------+------+----------+
        |             |  Latency (cycles) | Iteration|  Initiation Interval  | Trip |          |
        |  Loop Name  |   min   |   max   |  Latency |  achieved |   target  | Count| Pipelined|
        +-------------+---------+---------+----------+-----------+-----------+------+----------+
        |- Loop 1     |       24|       24|         6|          -|          -|     4|    no    |
        | + Loop 1.1  |        4|        4|         1|          -|          -|     4|    no    |
        |- Loop 2     |       24|       24|         6|          -|          -|     4|    no    |
        | + Loop 2.1  |        4|        4|         1|          -|          -|     4|    no    |
        +-------------+---------+---------+----------+-----------+-----------+------+----------+



================================================================
== Utilization Estimates
================================================================
* Summary: 
+-----------------+---------+-------+--------+-------+-----+
|       Name      | BRAM_18K| DSP48E|   FF   |  LUT  | URAM|
+-----------------+---------+-------+--------+-------+-----+
|DSP              |        -|      -|       -|      -|    -|
|Expression       |        -|      -|       0|    136|    -|
|FIFO             |        -|      -|       -|      -|    -|
|Instance         |        4|      -|     911|   7627|    -|
|Memory           |        4|      -|       0|      0|    0|
|Multiplexer      |        -|      -|       -|    392|    -|
|Register         |        -|      -|     422|      -|    -|
+-----------------+---------+-------+--------+-------+-----+
|Total            |        8|      0|    1333|   8155|    0|
+-----------------+---------+-------+--------+-------+-----+
|Available        |      280|    220|  106400|  53200|    0|
+-----------------+---------+-------+--------+-------+-----+
|Utilization (%)  |        2|      0|       1|     15|    0|
+-----------------+---------+-------+--------+-------+-----+

+ Detail: 
    * Instance: 
    +--------------------------+----------------------+---------+-------+-----+------+-----+
    |         Instance         |        Module        | BRAM_18K| DSP48E|  FF |  LUT | URAM|
    +--------------------------+----------------------+---------+-------+-----+------+-----+
    |grp_aes_invMain_fu_588    |aes_invMain           |        2|      0|  734|  5677|    0|
    |decrypt_dut_mux_1g8j_U60  |decrypt_dut_mux_1g8j  |        0|      0|    0|    65|    0|
    |decrypt_dut_mux_1g8j_U61  |decrypt_dut_mux_1g8j  |        0|      0|    0|    65|    0|
    |decrypt_dut_mux_1g8j_U62  |decrypt_dut_mux_1g8j  |        0|      0|    0|    65|    0|
    |decrypt_dut_mux_1g8j_U63  |decrypt_dut_mux_1g8j  |        0|      0|    0|    65|    0|
    |decrypt_dut_mux_1g8j_U64  |decrypt_dut_mux_1g8j  |        0|      0|    0|    65|    0|
    |decrypt_dut_mux_1g8j_U65  |decrypt_dut_mux_1g8j  |        0|      0|    0|    65|    0|
    |decrypt_dut_mux_1g8j_U66  |decrypt_dut_mux_1g8j  |        0|      0|    0|    65|    0|
    |decrypt_dut_mux_1g8j_U67  |decrypt_dut_mux_1g8j  |        0|      0|    0|    65|    0|
    |decrypt_dut_mux_1g8j_U68  |decrypt_dut_mux_1g8j  |        0|      0|    0|    65|    0|
    |decrypt_dut_mux_1g8j_U69  |decrypt_dut_mux_1g8j  |        0|      0|    0|    65|    0|
    |decrypt_dut_mux_1g8j_U70  |decrypt_dut_mux_1g8j  |        0|      0|    0|    65|    0|
    |decrypt_dut_mux_1g8j_U71  |decrypt_dut_mux_1g8j  |        0|      0|    0|    65|    0|
    |decrypt_dut_mux_1g8j_U72  |decrypt_dut_mux_1g8j  |        0|      0|    0|    65|    0|
    |decrypt_dut_mux_1g8j_U73  |decrypt_dut_mux_1g8j  |        0|      0|    0|    65|    0|
    |decrypt_dut_mux_1g8j_U74  |decrypt_dut_mux_1g8j  |        0|      0|    0|    65|    0|
    |decrypt_dut_mux_1g8j_U75  |decrypt_dut_mux_1g8j  |        0|      0|    0|    65|    0|
    |decrypt_dut_mux_1g8j_U76  |decrypt_dut_mux_1g8j  |        0|      0|    0|    65|    0|
    |decrypt_dut_mux_1g8j_U77  |decrypt_dut_mux_1g8j  |        0|      0|    0|    65|    0|
    |grp_expandKey_fu_614      |expandKey             |        2|      0|  177|   780|    0|
    +--------------------------+----------------------+---------+-------+-----+------+-----+
    |Total                     |                      |        4|      0|  911|  7627|    0|
    +--------------------------+----------------------+---------+-------+-----+------+-----+

    * DSP48E: 
    N/A

    * Memory: 
    +-----------------+----------------------+---------+---+----+-----+------+-----+------+-------------+
    |      Memory     |        Module        | BRAM_18K| FF| LUT| URAM| Words| Bits| Banks| W*Bits*Banks|
    +-----------------+----------------------+---------+---+----+-----+------+-----+------+-------------+
    |expandedKey_0_U  |aes_decrypt_expancud  |        1|  0|   0|    0|    44|    8|     1|          352|
    |expandedKey_1_U  |aes_decrypt_expancud  |        1|  0|   0|    0|    44|    8|     1|          352|
    |expandedKey_2_U  |aes_decrypt_expancud  |        1|  0|   0|    0|    44|    8|     1|          352|
    |expandedKey_3_U  |aes_decrypt_expancud  |        1|  0|   0|    0|    44|    8|     1|          352|
    +-----------------+----------------------+---------+---+----+-----+------+-----+------+-------------+
    |Total            |                      |        4|  0|   0|    0|   176|   32|     4|         1408|
    +-----------------+----------------------+---------+---+----+-----+------+-----+------+-------------+

    * FIFO: 
    N/A

    * Expression: 
    +-----------------------+----------+-------+---+----+------------+------------+
    |     Variable Name     | Operation| DSP48E| FF| LUT| Bitwidth P0| Bitwidth P1|
    +-----------------------+----------+-------+---+----+------------+------------+
    |add_ln81_1_fu_789_p2   |     +    |      0|  0|  13|           4|           4|
    |add_ln97_1_fu_1645_p2  |     +    |      0|  0|  13|           4|           4|
    |i_2_fu_1552_p2         |     +    |      0|  0|  12|           3|           1|
    |i_fu_712_p2            |     +    |      0|  0|  12|           3|           1|
    |j_2_fu_1580_p2         |     +    |      0|  0|  12|           3|           1|
    |j_fu_740_p2            |     +    |      0|  0|  12|           3|           1|
    |tmp_fu_755_p17         |     +    |      0|  0|  13|           4|           4|
    |tmp_s_fu_1607_p17      |     +    |      0|  0|  13|           4|           4|
    |icmp_ln76_fu_706_p2    |   icmp   |      0|  0|   9|           3|           4|
    |icmp_ln79_fu_734_p2    |   icmp   |      0|  0|   9|           3|           4|
    |icmp_ln92_fu_1546_p2   |   icmp   |      0|  0|   9|           3|           4|
    |icmp_ln95_fu_1574_p2   |   icmp   |      0|  0|   9|           3|           4|
    +-----------------------+----------+-------+---+----+------------+------------+
    |Total                  |          |      0|  0| 136|          40|          36|
    +-----------------------+----------+-------+---+----+------------+------------+

    * Multiplexer: 
    +------------------------+----+-----------+-----+-----------+
    |          Name          | LUT| Input Size| Bits| Total Bits|
    +------------------------+----+-----------+-----+-----------+
    |ap_NS_fsm               |  44|          9|    1|          9|
    |expandedKey_0_address0  |  15|          3|    6|         18|
    |expandedKey_0_address1  |  15|          3|    6|         18|
    |expandedKey_0_ce0       |  15|          3|    1|          3|
    |expandedKey_0_ce1       |  15|          3|    1|          3|
    |expandedKey_0_we0       |   9|          2|    1|          2|
    |expandedKey_0_we1       |   9|          2|    1|          2|
    |expandedKey_1_address0  |  15|          3|    6|         18|
    |expandedKey_1_address1  |  15|          3|    6|         18|
    |expandedKey_1_ce0       |  15|          3|    1|          3|
    |expandedKey_1_ce1       |  15|          3|    1|          3|
    |expandedKey_1_we0       |   9|          2|    1|          2|
    |expandedKey_1_we1       |   9|          2|    1|          2|
    |expandedKey_2_address0  |  15|          3|    6|         18|
    |expandedKey_2_address1  |  15|          3|    6|         18|
    |expandedKey_2_ce0       |  15|          3|    1|          3|
    |expandedKey_2_ce1       |  15|          3|    1|          3|
    |expandedKey_2_we0       |   9|          2|    1|          2|
    |expandedKey_2_we1       |   9|          2|    1|          2|
    |expandedKey_3_address0  |  15|          3|    6|         18|
    |expandedKey_3_address1  |  15|          3|    6|         18|
    |expandedKey_3_ce0       |  15|          3|    1|          3|
    |expandedKey_3_ce1       |  15|          3|    1|          3|
    |expandedKey_3_we0       |   9|          2|    1|          2|
    |expandedKey_3_we1       |   9|          2|    1|          2|
    |i_0_reg_544             |   9|          2|    3|          6|
    |i_1_reg_566             |   9|          2|    3|          6|
    |j_0_reg_555             |   9|          2|    3|          6|
    |j_1_reg_577             |   9|          2|    3|          6|
    +------------------------+----+-----------+-----+-----------+
    |Total                   | 392|         81|   77|        217|
    +------------------------+----+-----------+-----+-----------+

    * Register: 
    +-------------------------------------+---+----+-----+-----------+
    |                 Name                | FF| LUT| Bits| Const Bits|
    +-------------------------------------+---+----+-----+-----------+
    |ap_CS_fsm                            |  8|   0|    8|          0|
    |block_016_fu_160                     |  8|   0|    8|          0|
    |block_016_load_reg_1932              |  8|   0|    8|          0|
    |block_0_reg_2012                     |  8|   0|    8|          0|
    |block_1026_fu_200                    |  8|   0|    8|          0|
    |block_1026_load_reg_1982             |  8|   0|    8|          0|
    |block_10_20_reg_2062                 |  8|   0|    8|          0|
    |block_1127_fu_204                    |  8|   0|    8|          0|
    |block_1127_load_reg_1987             |  8|   0|    8|          0|
    |block_117_fu_164                     |  8|   0|    8|          0|
    |block_117_load_reg_1937              |  8|   0|    8|          0|
    |block_11_21_reg_2067                 |  8|   0|    8|          0|
    |block_1228_fu_208                    |  8|   0|    8|          0|
    |block_1228_load_reg_1992             |  8|   0|    8|          0|
    |block_12_22_reg_2072                 |  8|   0|    8|          0|
    |block_1329_fu_212                    |  8|   0|    8|          0|
    |block_1329_load_reg_1997             |  8|   0|    8|          0|
    |block_13_23_reg_2077                 |  8|   0|    8|          0|
    |block_1430_fu_216                    |  8|   0|    8|          0|
    |block_1430_load_reg_2002             |  8|   0|    8|          0|
    |block_14_24_reg_2082                 |  8|   0|    8|          0|
    |block_1531_fu_220                    |  8|   0|    8|          0|
    |block_1531_load_reg_2007             |  8|   0|    8|          0|
    |block_15_25_reg_2087                 |  8|   0|    8|          0|
    |block_1_11_reg_2017                  |  8|   0|    8|          0|
    |block_218_fu_168                     |  8|   0|    8|          0|
    |block_218_load_reg_1942              |  8|   0|    8|          0|
    |block_2_12_reg_2022                  |  8|   0|    8|          0|
    |block_319_fu_172                     |  8|   0|    8|          0|
    |block_319_load_reg_1947              |  8|   0|    8|          0|
    |block_3_13_reg_2027                  |  8|   0|    8|          0|
    |block_420_fu_176                     |  8|   0|    8|          0|
    |block_420_load_reg_1952              |  8|   0|    8|          0|
    |block_4_14_reg_2032                  |  8|   0|    8|          0|
    |block_521_fu_180                     |  8|   0|    8|          0|
    |block_521_load_reg_1957              |  8|   0|    8|          0|
    |block_5_15_reg_2037                  |  8|   0|    8|          0|
    |block_622_fu_184                     |  8|   0|    8|          0|
    |block_622_load_reg_1962              |  8|   0|    8|          0|
    |block_6_16_reg_2042                  |  8|   0|    8|          0|
    |block_723_fu_188                     |  8|   0|    8|          0|
    |block_723_load_reg_1967              |  8|   0|    8|          0|
    |block_7_17_reg_2047                  |  8|   0|    8|          0|
    |block_824_fu_192                     |  8|   0|    8|          0|
    |block_824_load_reg_1972              |  8|   0|    8|          0|
    |block_8_18_reg_2052                  |  8|   0|    8|          0|
    |block_925_fu_196                     |  8|   0|    8|          0|
    |block_925_load_reg_1977              |  8|   0|    8|          0|
    |block_9_19_reg_2057                  |  8|   0|    8|          0|
    |grp_aes_invMain_fu_588_ap_start_reg  |  1|   0|    1|          0|
    |grp_expandKey_fu_614_ap_start_reg    |  1|   0|    1|          0|
    |i_0_reg_544                          |  3|   0|    3|          0|
    |i_1_reg_566                          |  3|   0|    3|          0|
    |i_2_reg_2095                         |  3|   0|    3|          0|
    |i_reg_1909                           |  3|   0|    3|          0|
    |j_0_reg_555                          |  3|   0|    3|          0|
    |j_1_reg_577                          |  3|   0|    3|          0|
    |shl_ln1_reg_2105                     |  2|   0|    4|          2|
    |shl_ln_reg_1919                      |  2|   0|    4|          2|
    |zext_ln81_reg_1914                   |  3|   0|    4|          1|
    |zext_ln97_reg_2100                   |  3|   0|    4|          1|
    +-------------------------------------+---+----+-----+-----------+
    |Total                                |422|   0|  428|          6|
    +-------------------------------------+---+----+-----+-----------+



================================================================
== Interface
================================================================
* Summary: 
+------------------+-----+-----+------------+---------------+--------------+
|     RTL Ports    | Dir | Bits|  Protocol  | Source Object |    C Type    |
+------------------+-----+-----+------------+---------------+--------------+
|ap_clk            |  in |    1| ap_ctrl_hs |  aes_decrypt  | return value |
|ap_rst            |  in |    1| ap_ctrl_hs |  aes_decrypt  | return value |
|ap_start          |  in |    1| ap_ctrl_hs |  aes_decrypt  | return value |
|ap_done           | out |    1| ap_ctrl_hs |  aes_decrypt  | return value |
|ap_idle           | out |    1| ap_ctrl_hs |  aes_decrypt  | return value |
|ap_ready          | out |    1| ap_ctrl_hs |  aes_decrypt  | return value |
|input_0_read      |  in |    8|   ap_none  |  input_0_read |    scalar    |
|input_1_read      |  in |    8|   ap_none  |  input_1_read |    scalar    |
|input_2_read      |  in |    8|   ap_none  |  input_2_read |    scalar    |
|input_3_read      |  in |    8|   ap_none  |  input_3_read |    scalar    |
|input_4_read      |  in |    8|   ap_none  |  input_4_read |    scalar    |
|input_5_read      |  in |    8|   ap_none  |  input_5_read |    scalar    |
|input_6_read      |  in |    8|   ap_none  |  input_6_read |    scalar    |
|input_7_read      |  in |    8|   ap_none  |  input_7_read |    scalar    |
|input_8_read      |  in |    8|   ap_none  |  input_8_read |    scalar    |
|input_9_read      |  in |    8|   ap_none  |  input_9_read |    scalar    |
|input_10_read     |  in |    8|   ap_none  | input_10_read |    scalar    |
|input_11_read     |  in |    8|   ap_none  | input_11_read |    scalar    |
|input_12_read     |  in |    8|   ap_none  | input_12_read |    scalar    |
|input_13_read     |  in |    8|   ap_none  | input_13_read |    scalar    |
|input_14_read     |  in |    8|   ap_none  | input_14_read |    scalar    |
|input_15_read     |  in |    8|   ap_none  | input_15_read |    scalar    |
|output_0          | out |    8|   ap_vld   |    output_0   |    pointer   |
|output_0_ap_vld   | out |    1|   ap_vld   |    output_0   |    pointer   |
|output_1          | out |    8|   ap_vld   |    output_1   |    pointer   |
|output_1_ap_vld   | out |    1|   ap_vld   |    output_1   |    pointer   |
|output_2          | out |    8|   ap_vld   |    output_2   |    pointer   |
|output_2_ap_vld   | out |    1|   ap_vld   |    output_2   |    pointer   |
|output_3          | out |    8|   ap_vld   |    output_3   |    pointer   |
|output_3_ap_vld   | out |    1|   ap_vld   |    output_3   |    pointer   |
|output_4          | out |    8|   ap_vld   |    output_4   |    pointer   |
|output_4_ap_vld   | out |    1|   ap_vld   |    output_4   |    pointer   |
|output_5          | out |    8|   ap_vld   |    output_5   |    pointer   |
|output_5_ap_vld   | out |    1|   ap_vld   |    output_5   |    pointer   |
|output_6          | out |    8|   ap_vld   |    output_6   |    pointer   |
|output_6_ap_vld   | out |    1|   ap_vld   |    output_6   |    pointer   |
|output_7          | out |    8|   ap_vld   |    output_7   |    pointer   |
|output_7_ap_vld   | out |    1|   ap_vld   |    output_7   |    pointer   |
|output_8          | out |    8|   ap_vld   |    output_8   |    pointer   |
|output_8_ap_vld   | out |    1|   ap_vld   |    output_8   |    pointer   |
|output_9          | out |    8|   ap_vld   |    output_9   |    pointer   |
|output_9_ap_vld   | out |    1|   ap_vld   |    output_9   |    pointer   |
|output_10         | out |    8|   ap_vld   |   output_10   |    pointer   |
|output_10_ap_vld  | out |    1|   ap_vld   |   output_10   |    pointer   |
|output_11         | out |    8|   ap_vld   |   output_11   |    pointer   |
|output_11_ap_vld  | out |    1|   ap_vld   |   output_11   |    pointer   |
|output_12         | out |    8|   ap_vld   |   output_12   |    pointer   |
|output_12_ap_vld  | out |    1|   ap_vld   |   output_12   |    pointer   |
|output_13         | out |    8|   ap_vld   |   output_13   |    pointer   |
|output_13_ap_vld  | out |    1|   ap_vld   |   output_13   |    pointer   |
|output_14         | out |    8|   ap_vld   |   output_14   |    pointer   |
|output_14_ap_vld  | out |    1|   ap_vld   |   output_14   |    pointer   |
|output_15         | out |    8|   ap_vld   |   output_15   |    pointer   |
|output_15_ap_vld  | out |    1|   ap_vld   |   output_15   |    pointer   |
|key_0_read        |  in |    8|   ap_none  |   key_0_read  |    scalar    |
|key_1_read        |  in |    8|   ap_none  |   key_1_read  |    scalar    |
|key_2_read        |  in |    8|   ap_none  |   key_2_read  |    scalar    |
|key_3_read        |  in |    8|   ap_none  |   key_3_read  |    scalar    |
|key_4_read        |  in |    8|   ap_none  |   key_4_read  |    scalar    |
|key_5_read        |  in |    8|   ap_none  |   key_5_read  |    scalar    |
|key_6_read        |  in |    8|   ap_none  |   key_6_read  |    scalar    |
|key_7_read        |  in |    8|   ap_none  |   key_7_read  |    scalar    |
|key_8_read        |  in |    8|   ap_none  |   key_8_read  |    scalar    |
|key_9_read        |  in |    8|   ap_none  |   key_9_read  |    scalar    |
|key_10_read       |  in |    8|   ap_none  |  key_10_read  |    scalar    |
|key_11_read       |  in |    8|   ap_none  |  key_11_read  |    scalar    |
|key_12_read       |  in |    8|   ap_none  |  key_12_read  |    scalar    |
|key_13_read       |  in |    8|   ap_none  |  key_13_read  |    scalar    |
|key_14_read       |  in |    8|   ap_none  |  key_14_read  |    scalar    |
|key_15_read       |  in |    8|   ap_none  |  key_15_read  |    scalar    |
+------------------+-----+-----+------------+---------------+--------------+

