

================================================================
== Vivado HLS Report for 'Blowfish_Encrypt'
================================================================
* Date:           Fri Nov 15 14:03:50 2024

* Version:        2019.2 (Build 2704478 on Wed Nov 06 22:10:23 MST 2019)
* Project:        blowfish.prj
* Solution:       solution1
* Product family: zynq
* Target device:  xc7z020-clg484-1


================================================================
== Performance Estimates
================================================================
+ Timing: 
    * Summary: 
    +--------+----------+----------+------------+
    |  Clock |  Target  | Estimated| Uncertainty|
    +--------+----------+----------+------------+
    |ap_clk  | 10.00 ns | 6.799 ns |   1.25 ns  |
    +--------+----------+----------+------------+

+ Latency: 
    * Summary: 
    +---------+---------+----------+----------+-----+-----+---------+
    |  Latency (cycles) |  Latency (absolute) |  Interval | Pipeline|
    |   min   |   max   |    min   |    max   | min | max |   Type  |
    +---------+---------+----------+----------+-----+-----+---------+
    |       89|       89| 0.890 us | 0.890 us |   89|   89|   none  |
    +---------+---------+----------+----------+-----+-----+---------+

    + Detail: 
        * Instance: 
        N/A

        * Loop: 
        +-----------------+---------+---------+----------+-----------+-----------+------+----------+
        |                 |  Latency (cycles) | Iteration|  Initiation Interval  | Trip |          |
        |    Loop Name    |   min   |   max   |  Latency |  achieved |   target  | Count| Pipelined|
        +-----------------+---------+---------+----------+-----------+-----------+------+----------+
        |- Loop 1         |       16|       16|         2|          -|          -|     8|    no    |
        |- ENCRYPTBLOCK1  |       64|       64|         4|          -|          -|    16|    no    |
        +-----------------+---------+---------+----------+-----------+-----------+------+----------+



================================================================
== Utilization Estimates
================================================================
* Summary: 
+-----------------+---------+-------+--------+-------+-----+
|       Name      | BRAM_18K| DSP48E|   FF   |  LUT  | URAM|
+-----------------+---------+-------+--------+-------+-----+
|DSP              |        -|      -|       -|      -|    -|
|Expression       |        -|      -|       0|    272|    -|
|FIFO             |        -|      -|       -|      -|    -|
|Instance         |        -|      -|       -|      -|    -|
|Memory           |        0|      -|      64|      9|    0|
|Multiplexer      |        -|      -|       -|    279|    -|
|Register         |        -|      -|     244|      -|    -|
+-----------------+---------+-------+--------+-------+-----+
|Total            |        0|      0|     308|    560|    0|
+-----------------+---------+-------+--------+-------+-----+
|Available        |      280|    220|  106400|  53200|    0|
+-----------------+---------+-------+--------+-------+-----+
|Utilization (%)  |        0|      0|   ~0   |      1|    0|
+-----------------+---------+-------+--------+-------+-----+

+ Detail: 
    * Instance: 
    N/A

    * DSP48E: 
    N/A

    * Memory: 
    +----------+----------------------+---------+----+----+-----+------+-----+------+-------------+
    |  Memory  |        Module        | BRAM_18K| FF | LUT| URAM| Words| Bits| Banks| W*Bits*Banks|
    +----------+----------------------+---------+----+----+-----+------+-----+------+-------------+
    |pary_s_U  |Blowfish_Encrypt_bkb  |        0|  64|   9|    0|    18|   32|     1|          576|
    +----------+----------------------+---------+----+----+-----+------+-----+------+-------------+
    |Total     |                      |        0|  64|   9|    0|    18|   32|     1|          576|
    +----------+----------------------+---------+----+----+-----+------+-----+------+-------------+

    * FIFO: 
    N/A

    * Expression: 
    +-----------------------+----------+-------+---+----+------------+------------+
    |     Variable Name     | Operation| DSP48E| FF| LUT| Bitwidth P0| Bitwidth P1|
    +-----------------------+----------+-------+---+----+------------+------------+
    |add_ln290_1_fu_474_p2  |     +    |      0|  0|  39|          32|          32|
    |add_ln290_fu_446_p2    |     +    |      0|  0|  39|          32|          32|
    |i_1_fu_322_p2          |     +    |      0|  0|  15|           5|           1|
    |i_fu_287_p2            |     +    |      0|  0|  13|           4|           1|
    |icmp_ln118_fu_281_p2   |   icmp   |      0|  0|  11|           4|           5|
    |icmp_ln231_fu_316_p2   |   icmp   |      0|  0|  11|           5|           6|
    |d_fu_441_p2            |    xor   |      0|  0|   8|           8|           8|
    |temp_fu_367_p2         |    xor   |      0|  0|  32|          32|          32|
    |xor_ln233_fu_480_p2    |    xor   |      0|  0|  32|          32|          32|
    |xor_ln281_1_fu_387_p2  |    xor   |      0|  0|  24|          24|          24|
    |xor_ln281_fu_377_p2    |    xor   |      0|  0|  16|          16|          16|
    |xor_ln290_fu_469_p2    |    xor   |      0|  0|  32|          32|          32|
    +-----------------------+----------+-------+---+----+------------+------------+
    |Total                  |          |      0|  0| 272|         226|         221|
    +-----------------------+----------+-------+---+----+------------+------------+

    * Multiplexer: 
    +--------------------------+----+-----------+-----+-----------+
    |           Name           | LUT| Input Size| Bits| Total Bits|
    +--------------------------+----+-----------+-----+-----------+
    |Blowfish_sbox_s_address0  |  15|          3|   10|         30|
    |Blowfish_sbox_s_address1  |  15|          3|   10|         30|
    |ap_NS_fsm                 |  62|         15|    1|         15|
    |dst_address0              |  47|         10|    3|         30|
    |dst_address1              |  44|          9|    3|         27|
    |dst_d0                    |  33|          6|    8|         48|
    |dst_d1                    |  27|          5|    8|         40|
    |i_0_i_reg_270             |   9|          2|    5|         10|
    |i_0_reg_239               |   9|          2|    4|          8|
    |left_new_reg_260          |   9|          2|   32|         64|
    |temp_2_reg_250            |   9|          2|   32|         64|
    +--------------------------+----+-----------+-----+-----------+
    |Total                     | 279|         59|  116|        366|
    +--------------------------+----+-----------+-----+-----------+

    * Register: 
    +---------------------+----+----+-----+-----------+
    |         Name        | FF | LUT| Bits| Const Bits|
    +---------------------+----+----+-----+-----------+
    |add_ln290_reg_676    |  32|   0|   32|          0|
    |ap_CS_fsm            |  14|   0|   14|          0|
    |c_reg_661            |   8|   0|    8|          0|
    |dst_load_1_reg_573   |   8|   0|    8|          0|
    |dst_load_2_reg_588   |   8|   0|    8|          0|
    |dst_load_3_reg_593   |   8|   0|    8|          0|
    |dst_load_4_reg_608   |   8|   0|    8|          0|
    |dst_load_5_reg_613   |   8|   0|    8|          0|
    |dst_load_reg_568     |   8|   0|    8|          0|
    |i_0_i_reg_270        |   5|   0|    5|          0|
    |i_0_reg_239          |   4|   0|    4|          0|
    |i_1_reg_641          |   5|   0|    5|          0|
    |i_reg_547            |   4|   0|    4|          0|
    |left_new_reg_260     |  32|   0|   32|          0|
    |temp_2_reg_250       |  32|   0|   32|          0|
    |temp_reg_656         |  32|   0|   32|          0|
    |trunc_ln143_reg_701  |   8|   0|    8|          0|
    |trunc_ln232_reg_651  |   8|   0|    8|          0|
    |trunc_ln7_reg_696    |   8|   0|    8|          0|
    |zext_ln119_reg_552   |   4|   0|   64|         60|
    +---------------------+----+----+-----+-----------+
    |Total                | 244|   0|  304|         60|
    +---------------------+----+----+-----+-----------+



================================================================
== Interface
================================================================
* Summary: 
+--------------------------+-----+-----+------------+-------------------+--------------+
|         RTL Ports        | Dir | Bits|  Protocol  |   Source Object   |    C Type    |
+--------------------------+-----+-----+------------+-------------------+--------------+
|ap_clk                    |  in |    1| ap_ctrl_hs | Blowfish::Encrypt | return value |
|ap_rst                    |  in |    1| ap_ctrl_hs | Blowfish::Encrypt | return value |
|ap_start                  |  in |    1| ap_ctrl_hs | Blowfish::Encrypt | return value |
|ap_done                   | out |    1| ap_ctrl_hs | Blowfish::Encrypt | return value |
|ap_idle                   | out |    1| ap_ctrl_hs | Blowfish::Encrypt | return value |
|ap_ready                  | out |    1| ap_ctrl_hs | Blowfish::Encrypt | return value |
|Blowfish_pary_s_address0  | out |    5|  ap_memory |  Blowfish_pary_s  |     array    |
|Blowfish_pary_s_ce0       | out |    1|  ap_memory |  Blowfish_pary_s  |     array    |
|Blowfish_pary_s_we0       | out |    1|  ap_memory |  Blowfish_pary_s  |     array    |
|Blowfish_pary_s_d0        | out |   32|  ap_memory |  Blowfish_pary_s  |     array    |
|Blowfish_pary_s_q0        |  in |   32|  ap_memory |  Blowfish_pary_s  |     array    |
|Blowfish_pary_s_address1  | out |    5|  ap_memory |  Blowfish_pary_s  |     array    |
|Blowfish_pary_s_ce1       | out |    1|  ap_memory |  Blowfish_pary_s  |     array    |
|Blowfish_pary_s_we1       | out |    1|  ap_memory |  Blowfish_pary_s  |     array    |
|Blowfish_pary_s_d1        | out |   32|  ap_memory |  Blowfish_pary_s  |     array    |
|Blowfish_pary_s_q1        |  in |   32|  ap_memory |  Blowfish_pary_s  |     array    |
|Blowfish_sbox_s_address0  | out |   10|  ap_memory |  Blowfish_sbox_s  |     array    |
|Blowfish_sbox_s_ce0       | out |    1|  ap_memory |  Blowfish_sbox_s  |     array    |
|Blowfish_sbox_s_q0        |  in |   32|  ap_memory |  Blowfish_sbox_s  |     array    |
|Blowfish_sbox_s_address1  | out |   10|  ap_memory |  Blowfish_sbox_s  |     array    |
|Blowfish_sbox_s_ce1       | out |    1|  ap_memory |  Blowfish_sbox_s  |     array    |
|Blowfish_sbox_s_q1        |  in |   32|  ap_memory |  Blowfish_sbox_s  |     array    |
|dst_address0              | out |    3|  ap_memory |        dst        |     array    |
|dst_ce0                   | out |    1|  ap_memory |        dst        |     array    |
|dst_we0                   | out |    1|  ap_memory |        dst        |     array    |
|dst_d0                    | out |    8|  ap_memory |        dst        |     array    |
|dst_q0                    |  in |    8|  ap_memory |        dst        |     array    |
|dst_address1              | out |    3|  ap_memory |        dst        |     array    |
|dst_ce1                   | out |    1|  ap_memory |        dst        |     array    |
|dst_we1                   | out |    1|  ap_memory |        dst        |     array    |
|dst_d1                    | out |    8|  ap_memory |        dst        |     array    |
|dst_q1                    |  in |    8|  ap_memory |        dst        |     array    |
|src_address0              | out |    3|  ap_memory |        src        |     array    |
|src_ce0                   | out |    1|  ap_memory |        src        |     array    |
|src_q0                    |  in |    8|  ap_memory |        src        |     array    |
+--------------------------+-----+-----+------------+-------------------+--------------+

